// Jest Snapshot v1, https://goo.gl/fbAQLP

exports[`Checkbox static rendering should render itself 1`] = `
<body>
  <div>
    <input
      class="checkbox-component"
      type="checkbox"
    />
  </div>
</body>
`;
